Archive member included to satisfy reference by file (symbol)

c:/st/stm32cubeide_1.7.0/stm32cubeide/plugins/com.st.stm32cube.ide.mcu.externaltools.gnu-tools-for-stm32.9-2020-q2-update.win32_2.0.0.202105311346/tools/bin/../lib/gcc/arm-none-eabi/9.3.1/../../../../arm-none-eabi/lib/thumb/v7-m/nofp\libc_nano.a(lib_a-errno.o)
                              ./Core/Src/syscalls.o (__errno)
c:/st/stm32cubeide_1.7.0/stm32cubeide/plugins/com.st.stm32cube.ide.mcu.externaltools.gnu-tools-for-stm32.9-2020-q2-update.win32_2.0.0.202105311346/tools/bin/../lib/gcc/arm-none-eabi/9.3.1/../../../../arm-none-eabi/lib/thumb/v7-m/nofp\libc_nano.a(lib_a-exit.o)
                              c:/st/stm32cubeide_1.7.0/stm32cubeide/plugins/com.st.stm32cube.ide.mcu.externaltools.gnu-tools-for-stm32.9-2020-q2-update.win32_2.0.0.202105311346/tools/bin/../lib/gcc/arm-none-eabi/9.3.1/../../../../arm-none-eabi/lib/thumb/v7-m/nofp/crt0.o (exit)
c:/st/stm32cubeide_1.7.0/stm32cubeide/plugins/com.st.stm32cube.ide.mcu.externaltools.gnu-tools-for-stm32.9-2020-q2-update.win32_2.0.0.202105311346/tools/bin/../lib/gcc/arm-none-eabi/9.3.1/../../../../arm-none-eabi/lib/thumb/v7-m/nofp\libc_nano.a(lib_a-impure.o)
                              c:/st/stm32cubeide_1.7.0/stm32cubeide/plugins/com.st.stm32cube.ide.mcu.externaltools.gnu-tools-for-stm32.9-2020-q2-update.win32_2.0.0.202105311346/tools/bin/../lib/gcc/arm-none-eabi/9.3.1/../../../../arm-none-eabi/lib/thumb/v7-m/nofp\libc_nano.a(lib_a-exit.o) (_global_impure_ptr)
c:/st/stm32cubeide_1.7.0/stm32cubeide/plugins/com.st.stm32cube.ide.mcu.externaltools.gnu-tools-for-stm32.9-2020-q2-update.win32_2.0.0.202105311346/tools/bin/../lib/gcc/arm-none-eabi/9.3.1/../../../../arm-none-eabi/lib/thumb/v7-m/nofp\libc_nano.a(lib_a-init.o)
                              c:/st/stm32cubeide_1.7.0/stm32cubeide/plugins/com.st.stm32cube.ide.mcu.externaltools.gnu-tools-for-stm32.9-2020-q2-update.win32_2.0.0.202105311346/tools/bin/../lib/gcc/arm-none-eabi/9.3.1/../../../../arm-none-eabi/lib/thumb/v7-m/nofp/crt0.o (__libc_init_array)
c:/st/stm32cubeide_1.7.0/stm32cubeide/plugins/com.st.stm32cube.ide.mcu.externaltools.gnu-tools-for-stm32.9-2020-q2-update.win32_2.0.0.202105311346/tools/bin/../lib/gcc/arm-none-eabi/9.3.1/../../../../arm-none-eabi/lib/thumb/v7-m/nofp\libc_nano.a(lib_a-memcpy-stub.o)
                              ./Core/Src/PixelArt.o (memcpy)
c:/st/stm32cubeide_1.7.0/stm32cubeide/plugins/com.st.stm32cube.ide.mcu.externaltools.gnu-tools-for-stm32.9-2020-q2-update.win32_2.0.0.202105311346/tools/bin/../lib/gcc/arm-none-eabi/9.3.1/../../../../arm-none-eabi/lib/thumb/v7-m/nofp\libc_nano.a(lib_a-memset.o)
                              c:/st/stm32cubeide_1.7.0/stm32cubeide/plugins/com.st.stm32cube.ide.mcu.externaltools.gnu-tools-for-stm32.9-2020-q2-update.win32_2.0.0.202105311346/tools/bin/../lib/gcc/arm-none-eabi/9.3.1/../../../../arm-none-eabi/lib/thumb/v7-m/nofp/crt0.o (memset)
c:/st/stm32cubeide_1.7.0/stm32cubeide/plugins/com.st.stm32cube.ide.mcu.externaltools.gnu-tools-for-stm32.9-2020-q2-update.win32_2.0.0.202105311346/tools/bin/../lib/gcc/arm-none-eabi/9.3.1/../../../../arm-none-eabi/lib/thumb/v7-m/nofp\libm.a(lib_a-s_sin.o)
                              ./Core/Src/ws2812.o (sin)
c:/st/stm32cubeide_1.7.0/stm32cubeide/plugins/com.st.stm32cube.ide.mcu.externaltools.gnu-tools-for-stm32.9-2020-q2-update.win32_2.0.0.202105311346/tools/bin/../lib/gcc/arm-none-eabi/9.3.1/../../../../arm-none-eabi/lib/thumb/v7-m/nofp\libm.a(lib_a-e_rem_pio2.o)
                              c:/st/stm32cubeide_1.7.0/stm32cubeide/plugins/com.st.stm32cube.ide.mcu.externaltools.gnu-tools-for-stm32.9-2020-q2-update.win32_2.0.0.202105311346/tools/bin/../lib/gcc/arm-none-eabi/9.3.1/../../../../arm-none-eabi/lib/thumb/v7-m/nofp\libm.a(lib_a-s_sin.o) (__ieee754_rem_pio2)
c:/st/stm32cubeide_1.7.0/stm32cubeide/plugins/com.st.stm32cube.ide.mcu.externaltools.gnu-tools-for-stm32.9-2020-q2-update.win32_2.0.0.202105311346/tools/bin/../lib/gcc/arm-none-eabi/9.3.1/../../../../arm-none-eabi/lib/thumb/v7-m/nofp\libm.a(lib_a-k_cos.o)
                              c:/st/stm32cubeide_1.7.0/stm32cubeide/plugins/com.st.stm32cube.ide.mcu.externaltools.gnu-tools-for-stm32.9-2020-q2-update.win32_2.0.0.202105311346/tools/bin/../lib/gcc/arm-none-eabi/9.3.1/../../../../arm-none-eabi/lib/thumb/v7-m/nofp\libm.a(lib_a-s_sin.o) (__kernel_cos)
c:/st/stm32cubeide_1.7.0/stm32cubeide/plugins/com.st.stm32cube.ide.mcu.externaltools.gnu-tools-for-stm32.9-2020-q2-update.win32_2.0.0.202105311346/tools/bin/../lib/gcc/arm-none-eabi/9.3.1/../../../../arm-none-eabi/lib/thumb/v7-m/nofp\libm.a(lib_a-k_rem_pio2.o)
                              c:/st/stm32cubeide_1.7.0/stm32cubeide/plugins/com.st.stm32cube.ide.mcu.externaltools.gnu-tools-for-stm32.9-2020-q2-update.win32_2.0.0.202105311346/tools/bin/../lib/gcc/arm-none-eabi/9.3.1/../../../../arm-none-eabi/lib/thumb/v7-m/nofp\libm.a(lib_a-e_rem_pio2.o) (__kernel_rem_pio2)
[...]
Memory Configuration

Name             Origin             Length             Attributes
RAM              0x0000000020000000 0x0000000000005000 xrw
FLASH            0x0000000008000000 0x0000000000020000 xr
*default*        0x0000000000000000 0xffffffffffffffff

Linker script and memory map

LOAD c:/st/stm32cubeide_1.7.0/stm32cubeide/plugins/com.st.stm32cube.ide.mcu.externaltools.gnu-tools-for-stm32.9-2020-q2-update.win32_2.0.0.202105311346/tools/bin/../lib/gcc/arm-none-eabi/9.3.1/thumb/v7-m/nofp/crti.o
LOAD c:/st/stm32cubeide_1.7.0/stm32cubeide/plugins/com.st.stm32cube.ide.mcu.externaltools.gnu-tools-for-stm32.9-2020-q2-update.win32_2.0.0.202105311346/tools/bin/../lib/gcc/arm-none-eabi/9.3.1/thumb/v7-m/nofp/crtbegin.o
LOAD c:/st/stm32cubeide_1.7.0/stm32cubeide/plugins/com.st.stm32cube.ide.mcu.externaltools.gnu-tools-for-stm32.9-2020-q2-update.win32_2.0.0.202105311346/tools/bin/../lib/gcc/arm-none-eabi/9.3.1/../../../../arm-none-eabi/lib/thumb/v7-m/nofp/crt0.o
LOAD ./Core/Src/ILI9341_GFX.o
LOAD ./Core/Src/ILI9341_STM32_Driver.o
LOAD ./Core/Src/PixelArt.o
LOAD ./Core/Src/Pixils.o
LOAD ./Core/Src/fonts.o
LOAD ./Core/Src/init.o
LOAD ./Core/Src/main.o
LOAD ./Core/Src/stm32f1xx_hal_msp.o
LOAD ./Core/Src/stm32f1xx_it.o
LOAD ./Core/Src/syscalls.o
LOAD ./Core/Src/sysmem.o
LOAD ./Core/Src/system_stm32f1xx.o
LOAD ./Core/Src/ws2812.o
LOAD ./Core/Startup/startup_stm32f103rbtx.o
LOAD ./Drivers/STM32F1xx_HAL_Driver/Src/stm32f1xx_hal.o
LOAD ./Drivers/STM32F1xx_HAL_Driver/Src/stm32f1xx_hal_cortex.o
LOAD ./Drivers/STM32F1xx_HAL_Driver/Src/stm32f1xx_hal_dma.o
LOAD ./Drivers/STM32F1xx_HAL_Driver/Src/stm32f1xx_hal_exti.o
LOAD ./Drivers/STM32F1xx_HAL_Driver/Src/stm32f1xx_hal_flash.o
LOAD ./Drivers/STM32F1xx_HAL_Driver/Src/stm32f1xx_hal_flash_ex.o
LOAD ./Drivers/STM32F1xx_HAL_Driver/Src/stm32f1xx_hal_gpio.o
LOAD ./Drivers/STM32F1xx_HAL_Driver/Src/stm32f1xx_hal_gpio_ex.o
LOAD ./Drivers/STM32F1xx_HAL_Driver/Src/stm32f1xx_hal_pwr.o
LOAD ./Drivers/STM32F1xx_HAL_Driver/Src/stm32f1xx_hal_rcc.o
LOAD ./Drivers/STM32F1xx_HAL_Driver/Src/stm32f1xx_hal_rcc_ex.o
LOAD ./Drivers/STM32F1xx_HAL_Driver/Src/stm32f1xx_hal_spi.o
LOAD ./Drivers/STM32F1xx_HAL_Driver/Src/stm32f1xx_hal_tim.o
LOAD ./Drivers/STM32F1xx_HAL_Driver/Src/stm32f1xx_hal_tim_ex.o
LOAD ./Drivers/STM32F1xx_HAL_Driver/Src/stm32f1xx_hal_uart.o
START GROUP
LOAD c:/st/stm32cubeide_1.7.0/stm32cubeide/plugins/com.st.stm32cube.ide.mcu.externaltools.gnu-tools-for-stm32.9-2020-q2-update.win32_2.0.0.202105311346/tools/bin/../lib/gcc/arm-none-eabi/9.3.1/../../../../arm-none-eabi/lib/thumb/v7-m/nofp\libc_nano.a
LOAD c:/st/stm32cubeide_1.7.0/stm32cubeide/plugins/com.st.stm32cube.ide.mcu.externaltools.gnu-tools-for-stm32.9-2020-q2-update.win32_2.0.0.202105311346/tools/bin/../lib/gcc/arm-none-eabi/9.3.1/../../../../arm-none-eabi/lib/thumb/v7-m/nofp\libm.a
END GROUP
START GROUP
LOAD c:/st/stm32cubeide_1.7.0/stm32cubeide/plugins/com.st.stm32cube.ide.mcu.externaltools.gnu-tools-for-stm32.9-2020-q2-update.win32_2.0.0.202105311346/tools/bin/../lib/gcc/arm-none-eabi/9.3.1/thumb/v7-m/nofp\libgcc.a
LOAD c:/st/stm32cubeide_1.7.0/stm32cubeide/plugins/com.st.stm32cube.ide.mcu.externaltools.gnu-tools-for-stm32.9-2020-q2-update.win32_2.0.0.202105311346/tools/bin/../lib/gcc/arm-none-eabi/9.3.1/../../../../arm-none-eabi/lib/thumb/v7-m/nofp\libc_nano.a
END GROUP
START GROUP
LOAD c:/st/stm32cubeide_1.7.0/stm32cubeide/plugins/com.st.stm32cube.ide.mcu.externaltools.gnu-tools-for-stm32.9-2020-q2-update.win32_2.0.0.202105311346/tools/bin/../lib/gcc/arm-none-eabi/9.3.1/thumb/v7-m/nofp\libgcc.a
LOAD c:/st/stm32cubeide_1.7.0/stm32cubeide/plugins/com.st.stm32cube.ide.mcu.externaltools.gnu-tools-for-stm32.9-2020-q2-update.win32_2.0.0.202105311346/tools/bin/../lib/gcc/arm-none-eabi/9.3.1/../../../../arm-none-eabi/lib/thumb/v7-m/nofp\libc_nano.a
LOAD c:/st/stm32cubeide_1.7.0/stm32cubeide/plugins/com.st.stm32cube.ide.mcu.externaltools.gnu-tools-for-stm32.9-2020-q2-update.win32_2.0.0.202105311346/tools/bin/../lib/gcc/arm-none-eabi/9.3.1/../../../../arm-none-eabi/lib/thumb/v7-m/nofp\libnosys.a
END GROUP
START GROUP
LOAD c:/st/stm32cubeide_1.7.0/stm32cubeide/plugins/com.st.stm32cube.ide.mcu.externaltools.gnu-tools-for-stm32.9-2020-q2-update.win32_2.0.0.202105311346/tools/bin/../lib/gcc/arm-none-eabi/9.3.1/thumb/v7-m/nofp\libgcc.a
LOAD c:/st/stm32cubeide_1.7.0/stm32cubeide/plugins/com.st.stm32cube.ide.mcu.externaltools.gnu-tools-for-stm32.9-2020-q2-update.win32_2.0.0.202105311346/tools/bin/../lib/gcc/arm-none-eabi/9.3.1/../../../../arm-none-eabi/lib/thumb/v7-m/nofp\libc_nano.a
LOAD c:/st/stm32cubeide_1.7.0/stm32cubeide/plugins/com.st.stm32cube.ide.mcu.externaltools.gnu-tools-for-stm32.9-2020-q2-update.win32_2.0.0.202105311346/tools/bin/../lib/gcc/arm-none-eabi/9.3.1/../../../../arm-none-eabi/lib/thumb/v7-m/nofp\libnosys.a
END GROUP
LOAD c:/st/stm32cubeide_1.7.0/stm32cubeide/plugins/com.st.stm32cube.ide.mcu.externaltools.gnu-tools-for-stm32.9-2020-q2-update.win32_2.0.0.202105311346/tools/bin/../lib/gcc/arm-none-eabi/9.3.1/thumb/v7-m/nofp/crtend.o
LOAD c:/st/stm32cubeide_1.7.0/stm32cubeide/plugins/com.st.stm32cube.ide.mcu.externaltools.gnu-tools-for-stm32.9-2020-q2-update.win32_2.0.0.202105311346/tools/bin/../lib/gcc/arm-none-eabi/9.3.1/thumb/v7-m/nofp/crtn.o
                0x0000000020005000                _estack = (ORIGIN (RAM) + LENGTH (RAM))
                0x0000000000000200                _Min_Heap_Size = 0x200
                0x0000000000000400                _Min_Stack_Size = 0x400

.isr_vector     0x0000000008000000      0x10c
                0x0000000008000000                . = ALIGN (0x4)
 *(.isr_vector)
 .isr_vector    0x0000000008000000      0x10c ./Core/Startup/startup_stm32f103rbtx.o
                0x0000000008000000                g_pfnVectors
                0x000000000800010c                . = ALIGN (0x4)

.text           0x000000000800010c     0x3c38
                0x000000000800010c                . = ALIGN (0x4)
 *(.text)
 .text          0x000000000800010c       0x40 c:/st/stm32cubeide_1.7.0/stm32cubeide/plugins/com.st.stm32cube.ide.mcu.externaltools.gnu-tools-for-stm32.9-2020-q2-update.win32_2.0.0.202105311346/tools/bin/../lib/gcc/arm-none-eabi/9.3.1/thumb/v7-m/nofp/crtbegin.o
 .text          0x000000000800014c      0x168 c:/st/stm32cubeide_1.7.0/stm32cubeide/plugins/com.st.stm32cube.ide.mcu.externaltools.gnu-tools-for-stm32.9-2020-q2-update.win32_2.0.0.202105311346/tools/bin/../lib/gcc/arm-none-eabi/9.3.1/thumb/v7-m/nofp\libgcc.a(_arm_mulsf3.o)
                0x000000000800014c                __aeabi_fmul
                0x000000000800014c                __mulsf3
 .text          0x00000000080002b4      0x21c c:/st/stm32cubeide_1.7.0/stm32cubeide/plugins/com.st.stm32cube.ide.mcu.externaltools.gnu-tools-for-stm32.9-2020-q2-update.win32_2.0.0.202105311346/tools/bin/../lib/gcc/arm-none-eabi/9.3.1/thumb/v7-m/nofp\libgcc.a(_arm_addsubsf3.o)
                0x00000000080002b4                __aeabi_frsub
                0x00000000080002bc                __subsf3
                0x00000000080002bc                __aeabi_fsub
                0x00000000080002c0                __aeabi_fadd
                0x00000000080002c0                __addsf3
                0x0000000008000420                __aeabi_ui2f
                0x0000000008000420                __floatunsisf
                0x0000000008000428                __aeabi_i2f
                0x0000000008000428                __floatsisf
                0x0000000008000444                __aeabi_ul2f
                0x0000000008000444                __floatundisf
                0x0000000008000454                __aeabi_l2f
                0x0000000008000454                __floatdisf
 .text          0x00000000080004d0       0xec c:/st/stm32cubeide_1.7.0/stm32cubeide/plugins/com.st.stm32cube.ide.mcu.externaltools.gnu-tools-for-stm32.9-2020-q2-update.win32_2.0.0.202105311346/tools/bin/../lib/gcc/arm-none-eabi/9.3.1/thumb/v7-m/nofp\libgcc.a(_arm_cmpsf2.o)
                0x00000000080004d0                __gesf2
                0x00000000080004d0                __gtsf2
                0x00000000080004d8                __lesf2
                0x00000000080004d8                __ltsf2
                0x00000000080004e0                __nesf2
                0x00000000080004e0                __eqsf2
                0x00000000080004e0                __cmpsf2
                0x0000000008000540                __aeabi_cfrcmple
                0x0000000008000548                __aeabi_cfcmpeq
                0x0000000008000548                __aeabi_cfcmple
                0x0000000008000558                __aeabi_fcmpeq
                0x000000000800056c                __aeabi_fcmplt
                0x0000000008000580                __aeabi_fcmple
                0x0000000008000594                __aeabi_fcmpge
                0x00000000080005a8                __aeabi_fcmpgt
 .text          0x00000000080005bc       0x40 c:/st/stm32cubeide_1.7.0/stm32cubeide/plugins/com.st.stm32cube.ide.mcu.externaltools.gnu-tools-for-stm32.9-2020-q2-update.win32_2.0.0.202105311346/tools/bin/../lib/gcc/arm-none-eabi/9.3.1/thumb/v7-m/nofp\libgcc.a(_arm_fixunssfsi.o)
                0x00000000080005bc                __fixunssfsi
                0x00000000080005bc                __aeabi_f2uiz
 *(.text*)
 .text.ILI9341_DrawFilledRectangleCoord
                0x00000000080005fc       0xbc ./Core/Src/ILI9341_GFX.o
                0x00000000080005fc                ILI9341_DrawFilledRectangleCoord
 .text.HAL_SPI_TxCpltCallback
                0x00000000080006b8       0x2c ./Core/Src/ILI9341_STM32_Driver.o
                0x00000000080006b8                HAL_SPI_TxCpltCallback
 .text.ILI9341_SPI_Tx
                0x00000000080006e4       0x34 ./Core/Src/ILI9341_STM32_Driver.o
 .text.ILI9341_SPI_TxBuffer
                0x0000000008000718       0x34 ./Core/Src/ILI9341_STM32_Driver.o
 .text.ILI9341_WriteCommand
                0x000000000800074c       0x34 ./Core/Src/ILI9341_STM32_Driver.o
                0x000000000800074c                ILI9341_WriteCommand
 .text.ILI9341_WriteData
                0x0000000008000780       0x34 ./Core/Src/ILI9341_STM32_Driver.o
                0x0000000008000780                ILI9341_WriteData
 .text.ILI9341_WriteBuffer
                0x00000000080007b4       0x38 ./Core/Src/ILI9341_STM32_Driver.o
                0x00000000080007b4                ILI9341_WriteBuffer
 .text.ILI9341_SetAddress
                0x00000000080007ec       0x90 ./Core/Src/ILI9341_STM32_Driver.o
                0x00000000080007ec                ILI9341_SetAddress
 .text.ILI9341_Reset
                0x000000000800087c       0x44 ./Core/Src/ILI9341_STM32_Driver.o
                0x000000000800087c                ILI9341_Reset
 .text.ILI9341_Enable
                0x00000000080008c0       0x18 ./Core/Src/ILI9341_STM32_Driver.o
                0x00000000080008c0                ILI9341_Enable
 .text.ILI9341_Init
                0x00000000080008d8      0x214 ./Core/Src/ILI9341_STM32_Driver.o
                0x00000000080008d8                ILI9341_Init
 .text.ILI9341_SetRotation
                0x0000000008000aec       0xa0 ./Core/Src/ILI9341_STM32_Driver.o
                0x0000000008000aec                ILI9341_SetRotation
 .text.ILI9341_DrawColorBurst
                0x0000000008000b8c      0x130 ./Core/Src/ILI9341_STM32_Driver.o
                0x0000000008000b8c                ILI9341_DrawColorBurst
 .text.ILI9341_FillScreen
                0x0000000008000cbc       0x4c ./Core/Src/ILI9341_STM32_Driver.o
                0x0000000008000cbc                ILI9341_FillScreen
 .text.ILI9341_DrawRectangle
                0x0000000008000d08       0xb8 ./Core/Src/ILI9341_STM32_Driver.o
                0x0000000008000d08                ILI9341_DrawRectangle
 .text.PixelArt_InitScreen
                0x0000000008000dc0       0x1a ./Core/Src/PixelArt.o
                0x0000000008000dc0                PixelArt_InitScreen
 .text.PixelArt_DrawCharacter
                0x0000000008000dda      0x110 ./Core/Src/PixelArt.o
                0x0000000008000dda                PixelArt_DrawCharacter
 .text.PixelArt_AnimeCharacter
                0x0000000008000eea       0x78 ./Core/Src/PixelArt.o
                0x0000000008000eea                PixelArt_AnimeCharacter
 .text.SystemClock_Config
                0x0000000008000f62       0x8a ./Core/Src/init.o
                0x0000000008000f62                SystemClock_Config
 .text.MX_SPI1_Init
                0x0000000008000fec       0x6c ./Core/Src/init.o
 .text.MX_GPIO_Init
                0x0000000008001058      0x10c ./Core/Src/init.o
 .text.MX_USART2_UART_Init
                0x0000000008001164       0x54 ./Core/Src/init.o
 .text.MX_DMA_Init
                0x00000000080011b8       0x4c ./Core/Src/init.o
 .text.MX_TIM2_Init
                0x0000000008001204       0xe8 ./Core/Src/init.o
 .text.Init_All
                0x00000000080012ec       0x24 ./Core/Src/init.o
                0x00000000080012ec                Init_All
 .text.main     0x0000000008001310       0x20 ./Core/Src/main.o
                0x0000000008001310                main
 .text.Error_Handler
                0x0000000008001330        0xa ./Core/Src/main.o
                0x0000000008001330                Error_Handler
 *fill*         0x000000000800133a        0x2 
 .text.HAL_MspInit
                0x000000000800133c       0x64 ./Core/Src/stm32f1xx_hal_msp.o
                0x000000000800133c                HAL_MspInit
 .text.HAL_SPI_MspInit
                0x00000000080013a0       0xf0 ./Core/Src/stm32f1xx_hal_msp.o
                0x00000000080013a0                HAL_SPI_MspInit
 .text.HAL_TIM_Base_MspInit
                0x0000000008001490       0x90 ./Core/Src/stm32f1xx_hal_msp.o
                0x0000000008001490                HAL_TIM_Base_MspInit
 .text.HAL_TIM_MspPostInit
                0x0000000008001520       0x60 ./Core/Src/stm32f1xx_hal_msp.o
                0x0000000008001520                HAL_TIM_MspPostInit
 .text.HAL_UART_MspInit
                0x0000000008001580       0x7c ./Core/Src/stm32f1xx_hal_msp.o
                0x0000000008001580                HAL_UART_MspInit
 .text.NMI_Handler
                0x00000000080015fc        0x6 ./Core/Src/stm32f1xx_it.o
                0x00000000080015fc                NMI_Handler
 .text.HardFault_Handler
                0x0000000008001602        0x6 ./Core/Src/stm32f1xx_it.o
                0x0000000008001602                HardFault_Handler
 .text.MemManage_Handler
                0x0000000008001608        0x6 ./Core/Src/stm32f1xx_it.o
                0x0000000008001608                MemManage_Handler
 .text.BusFault_Handler
                0x000000000800160e        0x6 ./Core/Src/stm32f1xx_it.o
                0x000000000800160e                BusFault_Handler
 .text.UsageFault_Handler
                0x0000000008001614        0x6 ./Core/Src/stm32f1xx_it.o
                0x0000000008001614                UsageFault_Handler
 .text.SVC_Handler
                0x000000000800161a        0xc ./Core/Src/stm32f1xx_it.o
                0x000000000800161a                SVC_Handler
 .text.DebugMon_Handler
                0x0000000008001626        0xc ./Core/Src/stm32f1xx_it.o
                0x0000000008001626                DebugMon_Handler
 .text.PendSV_Handler
                0x0000000008001632        0xc ./Core/Src/stm32f1xx_it.o
                0x0000000008001632                PendSV_Handler
 .text.SysTick_Handler
                0x000000000800163e        0xc ./Core/Src/stm32f1xx_it.o
                0x000000000800163e                SysTick_Handler
 *fill*         0x000000000800164a        0x2 
 .text.DMA1_Channel3_IRQHandler
                0x000000000800164c       0x14 ./Core/Src/stm32f1xx_it.o
                0x000000000800164c                DMA1_Channel3_IRQHandler
 .text.DMA1_Channel5_IRQHandler
                0x0000000008001660       0x14 ./Core/Src/stm32f1xx_it.o
                0x0000000008001660                DMA1_Channel5_IRQHandler
 .text.EXTI15_10_IRQHandler
                0x0000000008001674       0x10 ./Core/Src/stm32f1xx_it.o
                0x0000000008001674                EXTI15_10_IRQHandler
 .text.SystemInit
                0x0000000008001684        0xc ./Core/Src/system_stm32f1xx.o
                0x0000000008001684                SystemInit
 .text.Reset_Handler
                0x0000000008001690       0x48 ./Core/Startup/startup_stm32f103rbtx.o
                0x0000000008001690                Reset_Handler
 .text.Default_Handler
                0x00000000080016d8        0x2 ./Core/Startup/startup_stm32f103rbtx.o
                0x00000000080016d8                RTC_Alarm_IRQHandler
                0x00000000080016d8                EXTI2_IRQHandler
                0x00000000080016d8                TIM1_CC_IRQHandler
                0x00000000080016d8                PVD_IRQHandler
                0x00000000080016d8                EXTI3_IRQHandler
                0x00000000080016d8                EXTI0_IRQHandler
                0x00000000080016d8                I2C2_EV_IRQHandler
                0x00000000080016d8                ADC1_2_IRQHandler
                0x00000000080016d8                SPI1_IRQHandler
                0x00000000080016d8                TAMPER_IRQHandler
                0x00000000080016d8                DMA1_Channel4_IRQHandler
                0x00000000080016d8                USART3_IRQHandler
                0x00000000080016d8                RTC_IRQHandler
                0x00000000080016d8                DMA1_Channel7_IRQHandler
                0x00000000080016d8                CAN1_RX1_IRQHandler
                0x00000000080016d8                TIM4_IRQHandler
                0x00000000080016d8                I2C1_EV_IRQHandler
                0x00000000080016d8                DMA1_Channel6_IRQHandler
                0x00000000080016d8                TIM3_IRQHandler
                0x00000000080016d8                RCC_IRQHandler
                0x00000000080016d8                TIM1_TRG_COM_IRQHandler
                0x00000000080016d8                DMA1_Channel1_IRQHandler
                0x00000000080016d8                Default_Handler
                0x00000000080016d8                EXTI9_5_IRQHandler
                0x00000000080016d8                SPI2_IRQHandler
                0x00000000080016d8                EXTI4_IRQHandler
                0x00000000080016d8                USB_LP_CAN1_RX0_IRQHandler
                0x00000000080016d8                USB_HP_CAN1_TX_IRQHandler
                0x00000000080016d8                TIM1_UP_IRQHandler
                0x00000000080016d8                WWDG_IRQHandler
                0x00000000080016d8                TIM2_IRQHandler
                0x00000000080016d8                TIM1_BRK_IRQHandler
                0x00000000080016d8                EXTI1_IRQHandler
                0x00000000080016d8                USART2_IRQHandler
                0x00000000080016d8                I2C2_ER_IRQHandler
                0x00000000080016d8                DMA1_Channel2_IRQHandler
                0x00000000080016d8                CAN1_SCE_IRQHandler
                0x00000000080016d8                FLASH_IRQHandler
                0x00000000080016d8                USART1_IRQHandler
                0x00000000080016d8                I2C1_ER_IRQHandler
                0x00000000080016d8                USBWakeUp_IRQHandler
 *fill*         0x00000000080016da        0x2 
 .text.HAL_Init
                0x00000000080016dc       0x2c ./Drivers/STM32F1xx_HAL_Driver/Src/stm32f1xx_hal.o
                0x00000000080016dc                HAL_Init
 .text.HAL_InitTick
                0x0000000008001708       0x60 ./Drivers/STM32F1xx_HAL_Driver/Src/stm32f1xx_hal.o
                0x0000000008001708                HAL_InitTick
 .text.HAL_IncTick
                0x0000000008001768       0x24 ./Drivers/STM32F1xx_HAL_Driver/Src/stm32f1xx_hal.o
                0x0000000008001768                HAL_IncTick
 .text.HAL_GetTick
                0x000000000800178c       0x14 ./Drivers/STM32F1xx_HAL_Driver/Src/stm32f1xx_hal.o
                0x000000000800178c                HAL_GetTick
 .text.HAL_Delay
                0x00000000080017a0       0x48 ./Drivers/STM32F1xx_HAL_Driver/Src/stm32f1xx_hal.o
                0x00000000080017a0                HAL_Delay
 .text.__NVIC_SetPriorityGrouping
                0x00000000080017e8       0x48 ./Drivers/STM32F1xx_HAL_Driver/Src/stm32f1xx_hal_cortex.o
 .text.__NVIC_GetPriorityGrouping
                0x0000000008001830       0x1c ./Drivers/STM32F1xx_HAL_Driver/Src/stm32f1xx_hal_cortex.o
 .text.__NVIC_EnableIRQ
                0x000000000800184c       0x38 ./Drivers/STM32F1xx_HAL_Driver/Src/stm32f1xx_hal_cortex.o
 .text.__NVIC_SetPriority
                0x0000000008001884       0x54 ./Drivers/STM32F1xx_HAL_Driver/Src/stm32f1xx_hal_cortex.o
 .text.NVIC_EncodePriority
                0x00000000080018d8       0x64 ./Drivers/STM32F1xx_HAL_Driver/Src/stm32f1xx_hal_cortex.o
 .text.SysTick_Config
                0x000000000800193c       0x44 ./Drivers/STM32F1xx_HAL_Driver/Src/stm32f1xx_hal_cortex.o
 .text.HAL_NVIC_SetPriorityGrouping
                0x0000000008001980       0x16 ./Drivers/STM32F1xx_HAL_Driver/Src/stm32f1xx_hal_cortex.o
                0x0000000008001980                HAL_NVIC_SetPriorityGrouping
 .text.HAL_NVIC_SetPriority
                0x0000000008001996       0x38 ./Drivers/STM32F1xx_HAL_Driver/Src/stm32f1xx_hal_cortex.o
                0x0000000008001996                HAL_NVIC_SetPriority
 .text.HAL_NVIC_EnableIRQ
                0x00000000080019ce       0x1c ./Drivers/STM32F1xx_HAL_Driver/Src/stm32f1xx_hal_cortex.o
                0x00000000080019ce                HAL_NVIC_EnableIRQ
 .text.HAL_SYSTICK_Config
                0x00000000080019ea       0x18 ./Drivers/STM32F1xx_HAL_Driver/Src/stm32f1xx_hal_cortex.o
                0x00000000080019ea                HAL_SYSTICK_Config
 *fill*         0x0000000008001a02        0x2 
 .text.HAL_DMA_Init
                0x0000000008001a04       0xb4 ./Drivers/STM32F1xx_HAL_Driver/Src/stm32f1xx_hal_dma.o
                0x0000000008001a04                HAL_DMA_Init
 .text.HAL_DMA_Start_IT
                0x0000000008001ab8       0xbe ./Drivers/STM32F1xx_HAL_Driver/Src/stm32f1xx_hal_dma.o
                0x0000000008001ab8                HAL_DMA_Start_IT
 *fill*         0x0000000008001b76        0x2 
 .text.HAL_DMA_IRQHandler
                0x0000000008001b78      0x20c ./Drivers/STM32F1xx_HAL_Driver/Src/stm32f1xx_hal_dma.o
                0x0000000008001b78                HAL_DMA_IRQHandler
 .text.DMA_SetConfig
                0x0000000008001d84       0x5a ./Drivers/STM32F1xx_HAL_Driver/Src/stm32f1xx_hal_dma.o
 *fill*         0x0000000008001dde        0x2 
 .text.HAL_GPIO_Init
                0x0000000008001de0      0x308 ./Drivers/STM32F1xx_HAL_Driver/Src/stm32f1xx_hal_gpio.o
                0x0000000008001de0                HAL_GPIO_Init
 .text.HAL_GPIO_WritePin
                0x00000000080020e8       0x30 ./Drivers/STM32F1xx_HAL_Driver/Src/stm32f1xx_hal_gpio.o
                0x00000000080020e8                HAL_GPIO_WritePin
 .text.HAL_GPIO_EXTI_IRQHandler
                0x0000000008002118       0x30 ./Drivers/STM32F1xx_HAL_Driver/Src/stm32f1xx_hal_gpio.o
                0x0000000008002118                HAL_GPIO_EXTI_IRQHandler
 .text.HAL_GPIO_EXTI_Callback
                0x0000000008002148       0x14 ./Drivers/STM32F1xx_HAL_Driver/Src/stm32f1xx_hal_gpio.o
                0x0000000008002148                HAL_GPIO_EXTI_Callback
 .text.HAL_RCC_OscConfig
                0x000000000800215c      0x500 ./Drivers/STM32F1xx_HAL_Driver/Src/stm32f1xx_hal_rcc.o
                0x000000000800215c                HAL_RCC_OscConfig
 .text.HAL_RCC_ClockConfig
                0x000000000800265c      0x1d4 ./Drivers/STM32F1xx_HAL_Driver/Src/stm32f1xx_hal_rcc.o
                0x000000000800265c                HAL_RCC_ClockConfig
 .text.HAL_RCC_GetSysClockFreq
                0x0000000008002830       0xc0 ./Drivers/STM32F1xx_HAL_Driver/Src/stm32f1xx_hal_rcc.o
                0x0000000008002830                HAL_RCC_GetSysClockFreq
 .text.HAL_RCC_GetHCLKFreq
                0x00000000080028f0       0x14 ./Drivers/STM32F1xx_HAL_Driver/Src/stm32f1xx_hal_rcc.o
                0x00000000080028f0                HAL_RCC_GetHCLKFreq
 .text.HAL_RCC_GetPCLK1Freq
                0x0000000008002904       0x28 ./Drivers/STM32F1xx_HAL_Driver/Src/stm32f1xx_hal_rcc.o
                0x0000000008002904                HAL_RCC_GetPCLK1Freq
 .text.HAL_RCC_GetPCLK2Freq
                0x000000000800292c       0x28 ./Drivers/STM32F1xx_HAL_Driver/Src/stm32f1xx_hal_rcc.o
                0x000000000800292c                HAL_RCC_GetPCLK2Freq
 .text.RCC_Delay
                0x0000000008002954       0x3c ./Drivers/STM32F1xx_HAL_Driver/Src/stm32f1xx_hal_rcc.o
 .text.HAL_SPI_Init
                0x0000000008002990      0x108 ./Drivers/STM32F1xx_HAL_Driver/Src/stm32f1xx_hal_spi.o
                0x0000000008002990                HAL_SPI_Init
 .text.HAL_SPI_Transmit
                0x0000000008002a98      0x278 ./Drivers/STM32F1xx_HAL_Driver/Src/stm32f1xx_hal_spi.o
                0x0000000008002a98                HAL_SPI_Transmit
 .text.HAL_SPI_Transmit_DMA
                0x0000000008002d10      0x16c ./Drivers/STM32F1xx_HAL_Driver/Src/stm32f1xx_hal_spi.o
                0x0000000008002d10                HAL_SPI_Transmit_DMA
 .text.HAL_SPI_TxHalfCpltCallback
                0x0000000008002e7c       0x12 ./Drivers/STM32F1xx_HAL_Driver/Src/stm32f1xx_hal_spi.o
                0x0000000008002e7c                HAL_SPI_TxHalfCpltCallback
 .text.HAL_SPI_ErrorCallback
                0x0000000008002e8e       0x12 ./Drivers/STM32F1xx_HAL_Driver/Src/stm32f1xx_hal_spi.o
                0x0000000008002e8e                HAL_SPI_ErrorCallback
 .text.SPI_DMATransmitCplt
                0x0000000008002ea0       0xa6 ./Drivers/STM32F1xx_HAL_Driver/Src/stm32f1xx_hal_spi.o
 .text.SPI_DMAHalfTransmitCplt
                0x0000000008002f46       0x1c ./Drivers/STM32F1xx_HAL_Driver/Src/stm32f1xx_hal_spi.o
 .text.SPI_DMAError
                0x0000000008002f62       0x40 ./Drivers/STM32F1xx_HAL_Driver/Src/stm32f1xx_hal_spi.o
 *fill*         0x0000000008002fa2        0x2 
 .text.SPI_WaitFlagStateUntilTimeout
                0x0000000008002fa4      0x110 ./Drivers/STM32F1xx_HAL_Driver/Src/stm32f1xx_hal_spi.o
 .text.SPI_EndRxTxTransaction
                0x00000000080030b4       0x3c ./Drivers/STM32F1xx_HAL_Driver/Src/stm32f1xx_hal_spi.o
 .text.HAL_TIM_Base_Init
                0x00000000080030f0       0x9e ./Drivers/STM32F1xx_HAL_Driver/Src/stm32f1xx_hal_tim.o
                0x00000000080030f0                HAL_TIM_Base_Init
 .text.HAL_TIM_PWM_Init
                0x000000000800318e       0x9e ./Drivers/STM32F1xx_HAL_Driver/Src/stm32f1xx_hal_tim.o
                0x000000000800318e                HAL_TIM_PWM_Init
 .text.HAL_TIM_PWM_MspInit
                0x000000000800322c       0x12 ./Drivers/STM32F1xx_HAL_Driver/Src/stm32f1xx_hal_tim.o
                0x000000000800322c                HAL_TIM_PWM_MspInit
 *fill*         0x000000000800323e        0x2 
 .text.HAL_TIM_PWM_ConfigChannel
                0x0000000008003240      0x17c ./Drivers/STM32F1xx_HAL_Driver/Src/stm32f1xx_hal_tim.o
                0x0000000008003240                HAL_TIM_PWM_ConfigChannel
 .text.HAL_TIM_ConfigClockSource
                0x00000000080033bc      0x188 ./Drivers/STM32F1xx_HAL_Driver/Src/stm32f1xx_hal_tim.o
                0x00000000080033bc                HAL_TIM_ConfigClockSource
 .text.TIM_Base_SetConfig
                0x0000000008003544       0xc4 ./Drivers/STM32F1xx_HAL_Driver/Src/stm32f1xx_hal_tim.o
                0x0000000008003544                TIM_Base_SetConfig
 .text.TIM_OC1_SetConfig
                0x0000000008003608       0xcc ./Drivers/STM32F1xx_HAL_Driver/Src/stm32f1xx_hal_tim.o
 .text.TIM_OC2_SetConfig
                0x00000000080036d4       0xd4 ./Drivers/STM32F1xx_HAL_Driver/Src/stm32f1xx_hal_tim.o
                0x00000000080036d4                TIM_OC2_SetConfig
 .text.TIM_OC3_SetConfig
                0x00000000080037a8       0xd4 ./Drivers/STM32F1xx_HAL_Driver/Src/stm32f1xx_hal_tim.o
 .text.TIM_OC4_SetConfig
                0x000000000800387c       0x9c ./Drivers/STM32F1xx_HAL_Driver/Src/stm32f1xx_hal_tim.o
 .text.TIM_TI1_ConfigInputStage
                0x0000000008003918       0x5c ./Drivers/STM32F1xx_HAL_Driver/Src/stm32f1xx_hal_tim.o
 .text.TIM_TI2_ConfigInputStage
                0x0000000008003974       0x5e ./Drivers/STM32F1xx_HAL_Driver/Src/stm32f1xx_hal_tim.o
 .text.TIM_ITRx_SetConfig
                0x00000000080039d2       0x34 ./Drivers/STM32F1xx_HAL_Driver/Src/stm32f1xx_hal_tim.o
 .text.TIM_ETR_SetConfig
                0x0000000008003a06       0x3e ./Drivers/STM32F1xx_HAL_Driver/Src/stm32f1xx_hal_tim.o
                0x0000000008003a06                TIM_ETR_SetConfig
 .text.HAL_TIMEx_MasterConfigSynchronization
                0x0000000008003a44       0xbc ./Drivers/STM32F1xx_HAL_Driver/Src/stm32f1xx_hal_tim_ex.o
                0x0000000008003a44                HAL_TIMEx_MasterConfigSynchronization
 .text.HAL_UART_Init
                0x0000000008003b00       0x9a ./Drivers/STM32F1xx_HAL_Driver/Src/stm32f1xx_hal_uart.o
                0x0000000008003b00                HAL_UART_Init
 *fill*         0x0000000008003b9a        0x2 
 .text.UART_SetConfig
                0x0000000008003b9c      0x11c ./Drivers/STM32F1xx_HAL_Driver/Src/stm32f1xx_hal_uart.o
 .text.__libc_init_array
                0x0000000008003cb8       0x48 c:/st/stm32cubeide_1.7.0/stm32cubeide/plugins/com.st.stm32cube.ide.mcu.externaltools.gnu-tools-for-stm32.9-2020-q2-update.win32_2.0.0.202105311346/tools/bin/../lib/gcc/arm-none-eabi/9.3.1/../../../../arm-none-eabi/lib/thumb/v7-m/nofp\libc_nano.a(lib_a-init.o)
                0x0000000008003cb8                __libc_init_array
 .text.memcpy   0x0000000008003d00       0x1c c:/st/stm32cubeide_1.7.0/stm32cubeide/plugins/com.st.stm32cube.ide.mcu.externaltools.gnu-tools-for-stm32.9-2020-q2-update.win32_2.0.0.202105311346/tools/bin/../lib/gcc/arm-none-eabi/9.3.1/../../../../arm-none-eabi/lib/thumb/v7-m/nofp\libc_nano.a(lib_a-memcpy-stub.o)
                0x0000000008003d00                memcpy
 .text.memset   0x0000000008003d1c       0x10 c:/st/stm32cubeide_1.7.0/stm32cubeide/plugins/com.st.stm32cube.ide.mcu.externaltools.gnu-tools-for-stm32.9-2020-q2-update.win32_2.0.0.202105311346/tools/bin/../lib/gcc/arm-none-eabi/9.3.1/../../../../arm-none-eabi/lib/thumb/v7-m/nofp\libc_nano.a(lib_a-memset.o)
                0x0000000008003d1c                memset
 *(.glue_7)
 .glue_7        0x0000000008003d2c        0x0 linker stubs
 *(.glue_7t)
 .glue_7t       0x0000000008003d2c        0x0 linker stubs
 *(.eh_frame)
 .eh_frame      0x0000000008003d2c        0x0 c:/st/stm32cubeide_1.7.0/stm32cubeide/plugins/com.st.stm32cube.ide.mcu.externaltools.gnu-tools-for-stm32.9-2020-q2-update.win32_2.0.0.202105311346/tools/bin/../lib/gcc/arm-none-eabi/9.3.1/thumb/v7-m/nofp/crtbegin.o
 *(.init)
 .init          0x0000000008003d2c        0x4 c:/st/stm32cubeide_1.7.0/stm32cubeide/plugins/com.st.stm32cube.ide.mcu.externaltools.gnu-tools-for-stm32.9-2020-q2-update.win32_2.0.0.202105311346/tools/bin/../lib/gcc/arm-none-eabi/9.3.1/thumb/v7-m/nofp/crti.o
                0x0000000008003d2c                _init
 .init          0x0000000008003d30        0x8 c:/st/stm32cubeide_1.7.0/stm32cubeide/plugins/com.st.stm32cube.ide.mcu.externaltools.gnu-tools-for-stm32.9-2020-q2-update.win32_2.0.0.202105311346/tools/bin/../lib/gcc/arm-none-eabi/9.3.1/thumb/v7-m/nofp/crtn.o
 *(.fini)
 .fini          0x0000000008003d38        0x4 c:/st/stm32cubeide_1.7.0/stm32cubeide/plugins/com.st.stm32cube.ide.mcu.externaltools.gnu-tools-for-stm32.9-2020-q2-update.win32_2.0.0.202105311346/tools/bin/../lib/gcc/arm-none-eabi/9.3.1/thumb/v7-m/nofp/crti.o
                0x0000000008003d38                _fini
 .fini          0x0000000008003d3c        0x8 c:/st/stm32cubeide_1.7.0/stm32cubeide/plugins/com.st.stm32cube.ide.mcu.externaltools.gnu-tools-for-stm32.9-2020-q2-update.win32_2.0.0.202105311346/tools/bin/../lib/gcc/arm-none-eabi/9.3.1/thumb/v7-m/nofp/crtn.o
                0x0000000008003d44                . = ALIGN (0x4)
                0x0000000008003d44                _etext = .

.vfp11_veneer   0x0000000008003d44        0x0
 .vfp11_veneer  0x0000000008003d44        0x0 linker stubs

.v4_bx          0x0000000008003d44        0x0
 .v4_bx         0x0000000008003d44        0x0 linker stubs

.iplt           0x0000000008003d44        0x0
 .iplt          0x0000000008003d44        0x0 c:/st/stm32cubeide_1.7.0/stm32cubeide/plugins/com.st.stm32cube.ide.mcu.externaltools.gnu-tools-for-stm32.9-2020-q2-update.win32_2.0.0.202105311346/tools/bin/../lib/gcc/arm-none-eabi/9.3.1/thumb/v7-m/nofp/crtbegin.o

.rodata         0x0000000008003d44       0x28
                0x0000000008003d44                . = ALIGN (0x4)
 *(.rodata)
 .rodata        0x0000000008003d44       0x10 ./Drivers/STM32F1xx_HAL_Driver/Src/stm32f1xx_hal_rcc.o
 *(.rodata*)
 .rodata.AHBPrescTable
                0x0000000008003d54       0x10 ./Core/Src/system_stm32f1xx.o
                0x0000000008003d54                AHBPrescTable
 .rodata.APBPrescTable
                0x0000000008003d64        0x8 ./Core/Src/system_stm32f1xx.o
                0x0000000008003d64                APBPrescTable
                0x0000000008003d6c                . = ALIGN (0x4)

.rel.dyn        0x0000000008003d6c        0x0
 .rel.iplt      0x0000000008003d6c        0x0 c:/st/stm32cubeide_1.7.0/stm32cubeide/plugins/com.st.stm32cube.ide.mcu.externaltools.gnu-tools-for-stm32.9-2020-q2-update.win32_2.0.0.202105311346/tools/bin/../lib/gcc/arm-none-eabi/9.3.1/thumb/v7-m/nofp/crtbegin.o

.ARM.extab      0x0000000008003d6c        0x0
                0x0000000008003d6c                . = ALIGN (0x4)
 *(.ARM.extab* .gnu.linkonce.armextab.*)
                0x0000000008003d6c                . = ALIGN (0x4)

.ARM            0x0000000008003d6c        0x0
                0x0000000008003d6c                . = ALIGN (0x4)
                0x0000000008003d6c                __exidx_start = .
 *(.ARM.exidx*)
                0x0000000008003d6c                __exidx_end = .
                0x0000000008003d6c                . = ALIGN (0x4)

.preinit_array  0x0000000008003d6c        0x0
                0x0000000008003d6c                . = ALIGN (0x4)
                0x0000000008003d6c                PROVIDE (__preinit_array_start = .)
 *(.preinit_array*)
                0x0000000008003d6c                PROVIDE (__preinit_array_end = .)
                0x0000000008003d6c                . = ALIGN (0x4)

.init_array     0x0000000008003d6c        0x4
                0x0000000008003d6c                . = ALIGN (0x4)
                0x0000000008003d6c                PROVIDE (__init_array_start = .)
 *(SORT_BY_NAME(.init_array.*))
 *(.init_array*)
 .init_array    0x0000000008003d6c        0x4 c:/st/stm32cubeide_1.7.0/stm32cubeide/plugins/com.st.stm32cube.ide.mcu.externaltools.gnu-tools-for-stm32.9-2020-q2-update.win32_2.0.0.202105311346/tools/bin/../lib/gcc/arm-none-eabi/9.3.1/thumb/v7-m/nofp/crtbegin.o
                0x0000000008003d70                PROVIDE (__init_array_end = .)
                0x0000000008003d70                . = ALIGN (0x4)

.fini_array     0x0000000008003d70        0x4
                0x0000000008003d70                . = ALIGN (0x4)
                [!provide]                        PROVIDE (__fini_array_start = .)
 *(SORT_BY_NAME(.fini_array.*))
 *(.fini_array*)
 .fini_array    0x0000000008003d70        0x4 c:/st/stm32cubeide_1.7.0/stm32cubeide/plugins/com.st.stm32cube.ide.mcu.externaltools.gnu-tools-for-stm32.9-2020-q2-update.win32_2.0.0.202105311346/tools/bin/../lib/gcc/arm-none-eabi/9.3.1/thumb/v7-m/nofp/crtbegin.o
                [!provide]                        PROVIDE (__fini_array_end = .)
                0x0000000008003d74                . = ALIGN (0x4)
                0x0000000008003d74                _sidata = LOADADDR (.data)

.data           0x0000000020000000      0x210 load address 0x0000000008003d74
                0x0000000020000000                . = ALIGN (0x4)
                0x0000000020000000                _sdata = .
 *(.data)
 *(.data*)
 .data.LCD_HEIGHT
                0x0000000020000000        0x2 ./Core/Src/ILI9341_STM32_Driver.o
                0x0000000020000000                LCD_HEIGHT
 .data.LCD_WIDTH
                0x0000000020000002        0x2 ./Core/Src/ILI9341_STM32_Driver.o
                0x0000000020000002                LCD_WIDTH
 .data.Wizard   0x0000000020000004      0x200 ./Core/Src/Pixils.o
                0x0000000020000004                Wizard
 .data.SystemCoreClock
                0x0000000020000204        0x4 ./Core/Src/system_stm32f1xx.o
                0x0000000020000204                SystemCoreClock
 .data.uwTickPrio
                0x0000000020000208        0x4 ./Drivers/STM32F1xx_HAL_Driver/Src/stm32f1xx_hal.o
                0x0000000020000208                uwTickPrio
 .data.uwTickFreq
                0x000000002000020c        0x1 ./Drivers/STM32F1xx_HAL_Driver/Src/stm32f1xx_hal.o
                0x000000002000020c                uwTickFreq
 *(.RamFunc)
 *(.RamFunc*)
                0x0000000020000210                . = ALIGN (0x4)
 *fill*         0x000000002000020d        0x3 
                0x0000000020000210                _edata = .

.igot.plt       0x0000000020000210        0x0 load address 0x0000000008003f84
 .igot.plt      0x0000000020000210        0x0 c:/st/stm32cubeide_1.7.0/stm32cubeide/plugins/com.st.stm32cube.ide.mcu.externaltools.gnu-tools-for-stm32.9-2020-q2-update.win32_2.0.0.202105311346/tools/bin/../lib/gcc/arm-none-eabi/9.3.1/thumb/v7-m/nofp/crtbegin.o
                0x0000000020000210                . = ALIGN (0x4)

.bss            0x0000000020000210      0x18c load address 0x0000000008003f84
                0x0000000020000210                _sbss = .
                0x0000000020000210                __bss_start__ = _sbss
 *(.bss)
 .bss           0x0000000020000210       0x1c c:/st/stm32cubeide_1.7.0/stm32cubeide/plugins/com.st.stm32cube.ide.mcu.externaltools.gnu-tools-for-stm32.9-2020-q2-update.win32_2.0.0.202105311346/tools/bin/../lib/gcc/arm-none-eabi/9.3.1/thumb/v7-m/nofp/crtbegin.o
 *(.bss*)
 *(COMMON)
 COMMON         0x000000002000022c      0x16c ./Core/Src/PixelArt.o
                0x000000002000022c                hdma_tim2_ch1
                0x0000000020000270                hspi1
                0x00000000200002c8                htim2
                0x0000000020000310                huart2
                0x0000000020000354                hdma_spi1_tx
 COMMON         0x0000000020000398        0x4 ./Drivers/STM32F1xx_HAL_Driver/Src/stm32f1xx_hal.o
                0x0000000020000398                uwTick
                0x000000002000039c                . = ALIGN (0x4)
                0x000000002000039c                _ebss = .
                0x000000002000039c                __bss_end__ = _ebss

._user_heap_stack
                0x000000002000039c      0x604 load address 0x0000000008003f84
                0x00000000200003a0                . = ALIGN (0x8)
 *fill*         0x000000002000039c        0x4 
                [!provide]                        PROVIDE (end = .)
                0x00000000200003a0                PROVIDE (_end = .)
                0x00000000200005a0                . = (. + _Min_Heap_Size)
 *fill*         0x00000000200003a0      0x200 
                0x00000000200009a0                . = (. + _Min_Stack_Size)
 *fill*         0x00000000200005a0      0x400 
                0x00000000200009a0                . = ALIGN (0x8)

/DISCARD/
 libc.a(*)
 libm.a(*)
 libgcc.a(*)

.ARM.attributes
                0x0000000000000000       0x29
 *(.ARM.attributes)
 .ARM.attributes
                0x0000000000000000       0x1d c:/st/stm32cubeide_1.7.0/stm32cubeide/plugins/com.st.stm32cube.ide.mcu.externaltools.gnu-tools-for-stm32.9-2020-q2-update.win32_2.0.0.202105311346/tools/bin/../lib/gcc/arm-none-eabi/9.3.1/thumb/v7-m/nofp/crti.o
 .ARM.attributes
                0x000000000000001d       0x2d c:/st/stm32cubeide_1.7.0/stm32cubeide/plugins/com.st.stm32cube.ide.mcu.externaltools.gnu-tools-for-stm32.9-2020-q2-update.win32_2.0.0.202105311346/tools/bin/../lib/gcc/arm-none-eabi/9.3.1/thumb/v7-m/nofp/crtbegin.o
 .ARM.attributes
                0x000000000000004a       0x2d ./Core/Src/ILI9341_GFX.o
 .ARM.attributes
                0x0000000000000077       0x2d ./Core/Src/ILI9341_STM32_Driver.o
 .ARM.attributes
                0x00000000000000a4       0x2d ./Core/Src/PixelArt.o
 .ARM.attributes
                0x00000000000000d1       0x33 ./Core/Src/Pixils.o
 .ARM.attributes
                0x0000000000000104       0x2d ./Core/Src/init.o
 .ARM.attributes
                0x0000000000000131       0x2d ./Core/Src/main.o
 .ARM.attributes
                0x000000000000015e       0x2d ./Core/Src/stm32f1xx_hal_msp.o
 .ARM.attributes
                0x000000000000018b       0x2d ./Core/Src/stm32f1xx_it.o
 .ARM.attributes
                0x00000000000001b8       0x2d ./Core/Src/system_stm32f1xx.o
 .ARM.attributes
                0x00000000000001e5       0x21 ./Core/Startup/startup_stm32f103rbtx.o
 .ARM.attributes
                0x0000000000000206       0x2d ./Drivers/STM32F1xx_HAL_Driver/Src/stm32f1xx_hal.o
 .ARM.attributes
                0x0000000000000233       0x2d ./Drivers/STM32F1xx_HAL_Driver/Src/stm32f1xx_hal_cortex.o
 .ARM.attributes
                0x0000000000000260       0x2d ./Drivers/STM32F1xx_HAL_Driver/Src/stm32f1xx_hal_dma.o
 .ARM.attributes
                0x000000000000028d       0x2d ./Drivers/STM32F1xx_HAL_Driver/Src/stm32f1xx_hal_gpio.o
 .ARM.attributes
                0x00000000000002ba       0x2d ./Drivers/STM32F1xx_HAL_Driver/Src/stm32f1xx_hal_rcc.o
 .ARM.attributes
                0x00000000000002e7       0x2d ./Drivers/STM32F1xx_HAL_Driver/Src/stm32f1xx_hal_spi.o
 .ARM.attributes
                0x0000000000000314       0x2d ./Drivers/STM32F1xx_HAL_Driver/Src/stm32f1xx_hal_tim.o
 .ARM.attributes
                0x0000000000000341       0x2d ./Drivers/STM32F1xx_HAL_Driver/Src/stm32f1xx_hal_tim_ex.o
 .ARM.attributes
                0x000000000000036e       0x2d ./Drivers/STM32F1xx_HAL_Driver/Src/stm32f1xx_hal_uart.o
 .ARM.attributes
                0x000000000000039b       0x2d c:/st/stm32cubeide_1.7.0/stm32cubeide/plugins/com.st.stm32cube.ide.mcu.externaltools.gnu-tools-for-stm32.9-2020-q2-update.win32_2.0.0.202105311346/tools/bin/../lib/gcc/arm-none-eabi/9.3.1/../../../../arm-none-eabi/lib/thumb/v7-m/nofp\libc_nano.a(lib_a-init.o)
 .ARM.attributes
                0x00000000000003c8       0x2d c:/st/stm32cubeide_1.7.0/stm32cubeide/plugins/com.st.stm32cube.ide.mcu.externaltools.gnu-tools-for-stm32.9-2020-q2-update.win32_2.0.0.202105311346/tools/bin/../lib/gcc/arm-none-eabi/9.3.1/../../../../arm-none-eabi/lib/thumb/v7-m/nofp\libc_nano.a(lib_a-memcpy-stub.o)
 .ARM.attributes
                0x00000000000003f5       0x2d c:/st/stm32cubeide_1.7.0/stm32cubeide/plugins/com.st.stm32cube.ide.mcu.externaltools.gnu-tools-for-stm32.9-2020-q2-update.win32_2.0.0.202105311346/tools/bin/../lib/gcc/arm-none-eabi/9.3.1/../../../../arm-none-eabi/lib/thumb/v7-m/nofp\libc_nano.a(lib_a-memset.o)
 .ARM.attributes
                0x0000000000000422       0x1d c:/st/stm32cubeide_1.7.0/stm32cubeide/plugins/com.st.stm32cube.ide.mcu.externaltools.gnu-tools-for-stm32.9-2020-q2-update.win32_2.0.0.202105311346/tools/bin/../lib/gcc/arm-none-eabi/9.3.1/thumb/v7-m/nofp\libgcc.a(_arm_mulsf3.o)
 .ARM.attributes
                0x000000000000043f       0x1d c:/st/stm32cubeide_1.7.0/stm32cubeide/plugins/com.st.stm32cube.ide.mcu.externaltools.gnu-tools-for-stm32.9-2020-q2-update.win32_2.0.0.202105311346/tools/bin/../lib/gcc/arm-none-eabi/9.3.1/thumb/v7-m/nofp\libgcc.a(_arm_addsubsf3.o)
 .ARM.attributes
                0x000000000000045c       0x1d c:/st/stm32cubeide_1.7.0/stm32cubeide/plugins/com.st.stm32cube.ide.mcu.externaltools.gnu-tools-for-stm32.9-2020-q2-update.win32_2.0.0.202105311346/tools/bin/../lib/gcc/arm-none-eabi/9.3.1/thumb/v7-m/nofp\libgcc.a(_arm_cmpsf2.o)
 .ARM.attributes
                0x0000000000000479       0x1d c:/st/stm32cubeide_1.7.0/stm32cubeide/plugins/com.st.stm32cube.ide.mcu.externaltools.gnu-tools-for-stm32.9-2020-q2-update.win32_2.0.0.202105311346/tools/bin/../lib/gcc/arm-none-eabi/9.3.1/thumb/v7-m/nofp\libgcc.a(_arm_fixunssfsi.o)
 .ARM.attributes
                0x0000000000000496       0x1d c:/st/stm32cubeide_1.7.0/stm32cubeide/plugins/com.st.stm32cube.ide.mcu.externaltools.gnu-tools-for-stm32.9-2020-q2-update.win32_2.0.0.202105311346/tools/bin/../lib/gcc/arm-none-eabi/9.3.1/thumb/v7-m/nofp/crtn.o
OUTPUT(STM.elf elf32-littlearm)
LOAD linker stubs
LOAD c:/st/stm32cubeide_1.7.0/stm32cubeide/plugins/com.st.stm32cube.ide.mcu.externaltools.gnu-tools-for-stm32.9-2020-q2-update.win32_2.0.0.202105311346/tools/bin/../lib/gcc/arm-none-eabi/9.3.1/../../../../arm-none-eabi/lib/thumb/v7-m/nofp\libc.a
LOAD c:/st/stm32cubeide_1.7.0/stm32cubeide/plugins/com.st.stm32cube.ide.mcu.externaltools.gnu-tools-for-stm32.9-2020-q2-update.win32_2.0.0.202105311346/tools/bin/../lib/gcc/arm-none-eabi/9.3.1/../../../../arm-none-eabi/lib/thumb/v7-m/nofp\libm.a
LOAD c:/st/stm32cubeide_1.7.0/stm32cubeide/plugins/com.st.stm32cube.ide.mcu.externaltools.gnu-tools-for-stm32.9-2020-q2-update.win32_2.0.0.202105311346/tools/bin/../lib/gcc/arm-none-eabi/9.3.1/thumb/v7-m/nofp\libgcc.a

.debug_info     0x0000000000000000     0xfca9
 .debug_info    0x0000000000000000      0xbb1 ./Core/Src/ILI9341_GFX.o
 .debug_info    0x0000000000000bb1      0xbaf ./Core/Src/ILI9341_STM32_Driver.o
 .debug_info    0x0000000000001760      0xfb9 ./Core/Src/PixelArt.o
 .debug_info    0x0000000000002719      0x6af ./Core/Src/Pixils.o
 .debug_info    0x0000000000002dc8     0x1274 ./Core/Src/init.o
 .debug_info    0x000000000000403c      0xdb2 ./Core/Src/main.o
 .debug_info    0x0000000000004dee     0x1043 ./Core/Src/stm32f1xx_hal_msp.o
 .debug_info    0x0000000000005e31      0x4b2 ./Core/Src/stm32f1xx_it.o
 .debug_info    0x00000000000062e3      0x2be ./Core/Src/system_stm32f1xx.o
 .debug_info    0x00000000000065a1       0x22 ./Core/Startup/startup_stm32f103rbtx.o
 .debug_info    0x00000000000065c3      0x76a ./Drivers/STM32F1xx_HAL_Driver/Src/stm32f1xx_hal.o
 .debug_info    0x0000000000006d2d      0xbdc ./Drivers/STM32F1xx_HAL_Driver/Src/stm32f1xx_hal_cortex.o
 .debug_info    0x0000000000007909      0x81e ./Drivers/STM32F1xx_HAL_Driver/Src/stm32f1xx_hal_dma.o
 .debug_info    0x0000000000008127      0x701 ./Drivers/STM32F1xx_HAL_Driver/Src/stm32f1xx_hal_gpio.o
 .debug_info    0x0000000000008828      0x88e ./Drivers/STM32F1xx_HAL_Driver/Src/stm32f1xx_hal_rcc.o
 .debug_info    0x00000000000090b6     0x16bf ./Drivers/STM32F1xx_HAL_Driver/Src/stm32f1xx_hal_spi.o
 .debug_info    0x000000000000a775     0x2a45 ./Drivers/STM32F1xx_HAL_Driver/Src/stm32f1xx_hal_tim.o
 .debug_info    0x000000000000d1ba     0x14d5 ./Drivers/STM32F1xx_HAL_Driver/Src/stm32f1xx_hal_tim_ex.o
 .debug_info    0x000000000000e68f     0x161a ./Drivers/STM32F1xx_HAL_Driver/Src/stm32f1xx_hal_uart.o

.debug_abbrev   0x0000000000000000     0x2583
 .debug_abbrev  0x0000000000000000      0x23a ./Core/Src/ILI9341_GFX.o
 .debug_abbrev  0x000000000000023a      0x253 ./Core/Src/ILI9341_STM32_Driver.o
 .debug_abbrev  0x000000000000048d      0x1db ./Core/Src/PixelArt.o
 .debug_abbrev  0x0000000000000668      0x14b ./Core/Src/Pixils.o
 .debug_abbrev  0x00000000000007b3      0x1fa ./Core/Src/init.o
 .debug_abbrev  0x00000000000009ad      0x1d6 ./Core/Src/main.o
 .debug_abbrev  0x0000000000000b83      0x1fd ./Core/Src/stm32f1xx_hal_msp.o
 .debug_abbrev  0x0000000000000d80      0x163 ./Core/Src/stm32f1xx_it.o
 .debug_abbrev  0x0000000000000ee3      0x14e ./Core/Src/system_stm32f1xx.o
 .debug_abbrev  0x0000000000001031       0x12 ./Core/Startup/startup_stm32f103rbtx.o
 .debug_abbrev  0x0000000000001043      0x1ed ./Drivers/STM32F1xx_HAL_Driver/Src/stm32f1xx_hal.o
 .debug_abbrev  0x0000000000001230      0x313 ./Drivers/STM32F1xx_HAL_Driver/Src/stm32f1xx_hal_cortex.o
 .debug_abbrev  0x0000000000001543      0x228 ./Drivers/STM32F1xx_HAL_Driver/Src/stm32f1xx_hal_dma.o
 .debug_abbrev  0x000000000000176b      0x1e8 ./Drivers/STM32F1xx_HAL_Driver/Src/stm32f1xx_hal_gpio.o
 .debug_abbrev  0x0000000000001953      0x273 ./Drivers/STM32F1xx_HAL_Driver/Src/stm32f1xx_hal_rcc.o
 .debug_abbrev  0x0000000000001bc6      0x26e ./Drivers/STM32F1xx_HAL_Driver/Src/stm32f1xx_hal_spi.o
 .debug_abbrev  0x0000000000001e34      0x25e ./Drivers/STM32F1xx_HAL_Driver/Src/stm32f1xx_hal_tim.o
 .debug_abbrev  0x0000000000002092      0x266 ./Drivers/STM32F1xx_HAL_Driver/Src/stm32f1xx_hal_tim_ex.o
 .debug_abbrev  0x00000000000022f8      0x28b ./Drivers/STM32F1xx_HAL_Driver/Src/stm32f1xx_hal_uart.o

.debug_aranges  0x0000000000000000      0xf38
 .debug_aranges
                0x0000000000000000       0x50 ./Core/Src/ILI9341_GFX.o
 .debug_aranges
                0x0000000000000050       0xa8 ./Core/Src/ILI9341_STM32_Driver.o
 .debug_aranges
                0x00000000000000f8       0x40 ./Core/Src/PixelArt.o
 .debug_aranges
                0x0000000000000138       0x18 ./Core/Src/Pixils.o
 .debug_aranges
                0x0000000000000150       0x50 ./Core/Src/init.o
 .debug_aranges
                0x00000000000001a0       0x28 ./Core/Src/main.o
 .debug_aranges
                0x00000000000001c8       0x58 ./Core/Src/stm32f1xx_hal_msp.o
 .debug_aranges
                0x0000000000000220       0x78 ./Core/Src/stm32f1xx_it.o
 .debug_aranges
                0x0000000000000298       0x28 ./Core/Src/system_stm32f1xx.o
 .debug_aranges
                0x00000000000002c0       0x28 ./Core/Startup/startup_stm32f103rbtx.o
 .debug_aranges
                0x00000000000002e8       0xe0 ./Drivers/STM32F1xx_HAL_Driver/Src/stm32f1xx_hal.o
 .debug_aranges
                0x00000000000003c8      0x100 ./Drivers/STM32F1xx_HAL_Driver/Src/stm32f1xx_hal_cortex.o
 .debug_aranges
                0x00000000000004c8       0x80 ./Drivers/STM32F1xx_HAL_Driver/Src/stm32f1xx_hal_dma.o
 .debug_aranges
                0x0000000000000548       0x58 ./Drivers/STM32F1xx_HAL_Driver/Src/stm32f1xx_hal_gpio.o
 .debug_aranges
                0x00000000000005a0       0x90 ./Drivers/STM32F1xx_HAL_Driver/Src/stm32f1xx_hal_rcc.o
 .debug_aranges
                0x0000000000000630      0x1d0 ./Drivers/STM32F1xx_HAL_Driver/Src/stm32f1xx_hal_spi.o
 .debug_aranges
                0x0000000000000800      0x3d0 ./Drivers/STM32F1xx_HAL_Driver/Src/stm32f1xx_hal_tim.o
 .debug_aranges
                0x0000000000000bd0      0x168 ./Drivers/STM32F1xx_HAL_Driver/Src/stm32f1xx_hal_tim_ex.o
 .debug_aranges
                0x0000000000000d38      0x200 ./Drivers/STM32F1xx_HAL_Driver/Src/stm32f1xx_hal_uart.o

.debug_ranges   0x0000000000000000      0xe38
 .debug_ranges  0x0000000000000000       0x40 ./Core/Src/ILI9341_GFX.o
 .debug_ranges  0x0000000000000040       0x98 ./Core/Src/ILI9341_STM32_Driver.o
 .debug_ranges  0x00000000000000d8       0x30 ./Core/Src/PixelArt.o
 .debug_ranges  0x0000000000000108       0x40 ./Core/Src/init.o
 .debug_ranges  0x0000000000000148       0x18 ./Core/Src/main.o
 .debug_ranges  0x0000000000000160       0x48 ./Core/Src/stm32f1xx_hal_msp.o
 .debug_ranges  0x00000000000001a8       0x68 ./Core/Src/stm32f1xx_it.o
 .debug_ranges  0x0000000000000210       0x18 ./Core/Src/system_stm32f1xx.o
 .debug_ranges  0x0000000000000228       0x20 ./Core/Startup/startup_stm32f103rbtx.o
 .debug_ranges  0x0000000000000248       0xd0 ./Drivers/STM32F1xx_HAL_Driver/Src/stm32f1xx_hal.o
 .debug_ranges  0x0000000000000318       0xf0 ./Drivers/STM32F1xx_HAL_Driver/Src/stm32f1xx_hal_cortex.o
 .debug_ranges  0x0000000000000408       0x70 ./Drivers/STM32F1xx_HAL_Driver/Src/stm32f1xx_hal_dma.o
 .debug_ranges  0x0000000000000478       0x48 ./Drivers/STM32F1xx_HAL_Driver/Src/stm32f1xx_hal_gpio.o
 .debug_ranges  0x00000000000004c0       0x80 ./Drivers/STM32F1xx_HAL_Driver/Src/stm32f1xx_hal_rcc.o
 .debug_ranges  0x0000000000000540      0x1c0 ./Drivers/STM32F1xx_HAL_Driver/Src/stm32f1xx_hal_spi.o
 .debug_ranges  0x0000000000000700      0x3c0 ./Drivers/STM32F1xx_HAL_Driver/Src/stm32f1xx_hal_tim.o
 .debug_ranges  0x0000000000000ac0      0x158 ./Drivers/STM32F1xx_HAL_Driver/Src/stm32f1xx_hal_tim_ex.o
 .debug_ranges  0x0000000000000c18      0x220 ./Drivers/STM32F1xx_HAL_Driver/Src/stm32f1xx_hal_uart.o

.debug_macro    0x0000000000000000    0x17dce
 .debug_macro   0x0000000000000000      0x1d4 ./Core/Src/ILI9341_GFX.o
 .debug_macro   0x00000000000001d4      0xa9c ./Core/Src/ILI9341_GFX.o
 .debug_macro   0x0000000000000c70      0x227 ./Core/Src/ILI9341_GFX.o
 .debug_macro   0x0000000000000e97       0x2e ./Core/Src/ILI9341_GFX.o
 .debug_macro   0x0000000000000ec5       0x22 ./Core/Src/ILI9341_GFX.o
 .debug_macro   0x0000000000000ee7       0x22 ./Core/Src/ILI9341_GFX.o
 .debug_macro   0x0000000000000f09       0x8e ./Core/Src/ILI9341_GFX.o
 .debug_macro   0x0000000000000f97       0x51 ./Core/Src/ILI9341_GFX.o
 .debug_macro   0x0000000000000fe8      0x103 ./Core/Src/ILI9341_GFX.o
 .debug_macro   0x00000000000010eb       0x6a ./Core/Src/ILI9341_GFX.o
 .debug_macro   0x0000000000001155      0x1df ./Core/Src/ILI9341_GFX.o
 .debug_macro   0x0000000000001334       0x1c ./Core/Src/ILI9341_GFX.o
 .debug_macro   0x0000000000001350       0x22 ./Core/Src/ILI9341_GFX.o
 .debug_macro   0x0000000000001372       0xc3 ./Core/Src/ILI9341_GFX.o
 .debug_macro   0x0000000000001435      0xd23 ./Core/Src/ILI9341_GFX.o
 .debug_macro   0x0000000000002158     0xe09e ./Core/Src/ILI9341_GFX.o
 .debug_macro   0x00000000000101f6       0x6d ./Core/Src/ILI9341_GFX.o
 .debug_macro   0x0000000000010263     0x3468 ./Core/Src/ILI9341_GFX.o
 .debug_macro   0x00000000000136cb      0x174 ./Core/Src/ILI9341_GFX.o
 .debug_macro   0x000000000001383f       0x5c ./Core/Src/ILI9341_GFX.o
 .debug_macro   0x000000000001389b      0x5be ./Core/Src/ILI9341_GFX.o
 .debug_macro   0x0000000000013e59      0x289 ./Core/Src/ILI9341_GFX.o
 .debug_macro   0x00000000000140e2      0x1cb ./Core/Src/ILI9341_GFX.o
 .debug_macro   0x00000000000142ad      0x114 ./Core/Src/ILI9341_GFX.o
 .debug_macro   0x00000000000143c1      0x1b2 ./Core/Src/ILI9341_GFX.o
 .debug_macro   0x0000000000014573       0x27 ./Core/Src/ILI9341_GFX.o
 .debug_macro   0x000000000001459a      0x136 ./Core/Src/ILI9341_GFX.o
 .debug_macro   0x00000000000146d0      0x1bc ./Core/Src/ILI9341_GFX.o
 .debug_macro   0x000000000001488c       0x34 ./Core/Src/ILI9341_GFX.o
 .debug_macro   0x00000000000148c0       0x3c ./Core/Src/ILI9341_GFX.o
 .debug_macro   0x00000000000148fc       0x57 ./Core/Src/ILI9341_GFX.o
 .debug_macro   0x0000000000014953       0x88 ./Core/Src/ILI9341_GFX.o
 .debug_macro   0x00000000000149db      0x241 ./Core/Src/ILI9341_GFX.o
 .debug_macro   0x0000000000014c1c      0x141 ./Core/Src/ILI9341_GFX.o
 .debug_macro   0x0000000000014d5d      0x217 ./Core/Src/ILI9341_GFX.o
 .debug_macro   0x0000000000014f74      0x8d1 ./Core/Src/ILI9341_GFX.o
 .debug_macro   0x0000000000015845      0x279 ./Core/Src/ILI9341_GFX.o
 .debug_macro   0x0000000000015abe       0x83 ./Core/Src/ILI9341_GFX.o
 .debug_macro   0x0000000000015b41       0xca ./Core/Src/ILI9341_GFX.o
 .debug_macro   0x0000000000015c0b       0x22 ./Core/Src/ILI9341_GFX.o
 .debug_macro   0x0000000000015c2d       0x10 ./Core/Src/ILI9341_GFX.o
 .debug_macro   0x0000000000015c3d      0x1bc ./Core/Src/ILI9341_STM32_Driver.o
 .debug_macro   0x0000000000015df9      0x20c ./Core/Src/PixelArt.o
 .debug_macro   0x0000000000016005       0x58 ./Core/Src/PixelArt.o
 .debug_macro   0x000000000001605d       0x1c ./Core/Src/PixelArt.o
 .debug_macro   0x0000000000016079       0xd0 ./Core/Src/PixelArt.o
 .debug_macro   0x0000000000016149      0x1c6 ./Core/Src/Pixils.o
 .debug_macro   0x000000000001630f       0xca ./Core/Src/Pixils.o
 .debug_macro   0x00000000000163d9      0x1c6 ./Core/Src/init.o
 .debug_macro   0x000000000001659f       0x52 ./Core/Src/init.o
 .debug_macro   0x00000000000165f1      0x21e ./Core/Src/main.o
 .debug_macro   0x000000000001680f       0xd0 ./Core/Src/main.o
 .debug_macro   0x00000000000168df      0x1bc ./Core/Src/stm32f1xx_hal_msp.o
 .debug_macro   0x0000000000016a9b      0x1c6 ./Core/Src/stm32f1xx_it.o
 .debug_macro   0x0000000000016c61      0x1ad ./Core/Src/system_stm32f1xx.o
 .debug_macro   0x0000000000016e0e      0x1d1 ./Drivers/STM32F1xx_HAL_Driver/Src/stm32f1xx_hal.o
 .debug_macro   0x0000000000016fdf      0x1ad ./Drivers/STM32F1xx_HAL_Driver/Src/stm32f1xx_hal_cortex.o
 .debug_macro   0x000000000001718c      0x1ad ./Drivers/STM32F1xx_HAL_Driver/Src/stm32f1xx_hal_dma.o
 .debug_macro   0x0000000000017339      0x218 ./Drivers/STM32F1xx_HAL_Driver/Src/stm32f1xx_hal_gpio.o
 .debug_macro   0x0000000000017551      0x1bf ./Drivers/STM32F1xx_HAL_Driver/Src/stm32f1xx_hal_rcc.o
 .debug_macro   0x0000000000017710      0x1b5 ./Drivers/STM32F1xx_HAL_Driver/Src/stm32f1xx_hal_spi.o
 .debug_macro   0x00000000000178c5      0x1ae ./Drivers/STM32F1xx_HAL_Driver/Src/stm32f1xx_hal_tim.o
 .debug_macro   0x0000000000017a73      0x1ad ./Drivers/STM32F1xx_HAL_Driver/Src/stm32f1xx_hal_tim_ex.o
 .debug_macro   0x0000000000017c20      0x1ae ./Drivers/STM32F1xx_HAL_Driver/Src/stm32f1xx_hal_uart.o

.debug_line     0x0000000000000000    0x10382
 .debug_line    0x0000000000000000      0x9ac ./Core/Src/ILI9341_GFX.o
 .debug_line    0x00000000000009ac      0xa50 ./Core/Src/ILI9341_STM32_Driver.o
 .debug_line    0x00000000000013fc      0x843 ./Core/Src/PixelArt.o
 .debug_line    0x0000000000001c3f      0x68c ./Core/Src/Pixils.o
 .debug_line    0x00000000000022cb      0x830 ./Core/Src/init.o
 .debug_line    0x0000000000002afb      0x732 ./Core/Src/main.o
 .debug_line    0x000000000000322d      0x7d1 ./Core/Src/stm32f1xx_hal_msp.o
 .debug_line    0x00000000000039fe      0x79e ./Core/Src/stm32f1xx_it.o
 .debug_line    0x000000000000419c      0x712 ./Core/Src/system_stm32f1xx.o
 .debug_line    0x00000000000048ae       0x87 ./Core/Startup/startup_stm32f103rbtx.o
 .debug_line    0x0000000000004935      0x93f ./Drivers/STM32F1xx_HAL_Driver/Src/stm32f1xx_hal.o
 .debug_line    0x0000000000005274      0xb27 ./Drivers/STM32F1xx_HAL_Driver/Src/stm32f1xx_hal_cortex.o
 .debug_line    0x0000000000005d9b      0xd97 ./Drivers/STM32F1xx_HAL_Driver/Src/stm32f1xx_hal_dma.o
 .debug_line    0x0000000000006b32      0x9d6 ./Drivers/STM32F1xx_HAL_Driver/Src/stm32f1xx_hal_gpio.o
 .debug_line    0x0000000000007508      0xd4d ./Drivers/STM32F1xx_HAL_Driver/Src/stm32f1xx_hal_rcc.o
 .debug_line    0x0000000000008255     0x1bc4 ./Drivers/STM32F1xx_HAL_Driver/Src/stm32f1xx_hal_spi.o
 .debug_line    0x0000000000009e19     0x32e8 ./Drivers/STM32F1xx_HAL_Driver/Src/stm32f1xx_hal_tim.o
 .debug_line    0x000000000000d101     0x1867 ./Drivers/STM32F1xx_HAL_Driver/Src/stm32f1xx_hal_tim_ex.o
 .debug_line    0x000000000000e968     0x1a1a ./Drivers/STM32F1xx_HAL_Driver/Src/stm32f1xx_hal_uart.o

.debug_str      0x0000000000000000    0x888b0
 .debug_str     0x0000000000000000    0x84c44 ./Core/Src/ILI9341_GFX.o
                                      0x85021 (size before relaxing)
 .debug_str     0x0000000000084c44      0x246 ./Core/Src/ILI9341_STM32_Driver.o
                                      0x8500d (size before relaxing)
 .debug_str     0x0000000000084e8a      0x6dd ./Core/Src/PixelArt.o
                                      0x8564e (size before relaxing)
 .debug_str     0x0000000000085567       0x15 ./Core/Src/Pixils.o
                                      0x84e01 (size before relaxing)
 .debug_str     0x000000000008557c      0x570 ./Core/Src/init.o
                                      0x857ab (size before relaxing)
 .debug_str     0x0000000000085aec       0x34 ./Core/Src/main.o
                                      0x85570 (size before relaxing)
 .debug_str     0x0000000000085b20       0xf5 ./Core/Src/stm32f1xx_hal_msp.o
                                      0x85300 (size before relaxing)
 .debug_str     0x0000000000085c15      0x104 ./Core/Src/stm32f1xx_it.o
                                      0x84c25 (size before relaxing)
 .debug_str     0x0000000000085d19       0x52 ./Core/Src/system_stm32f1xx.o
                                      0x8488d (size before relaxing)
 .debug_str     0x0000000000085d6b       0x36 ./Core/Startup/startup_stm32f103rbtx.o
                                         0x6c (size before relaxing)
 .debug_str     0x0000000000085da1      0x2fa ./Drivers/STM32F1xx_HAL_Driver/Src/stm32f1xx_hal.o
                                      0x84f1e (size before relaxing)
 .debug_str     0x000000000008609b      0x300 ./Drivers/STM32F1xx_HAL_Driver/Src/stm32f1xx_hal_cortex.o
                                      0x84f26 (size before relaxing)
 .debug_str     0x000000000008639b      0x235 ./Drivers/STM32F1xx_HAL_Driver/Src/stm32f1xx_hal_dma.o
                                      0x84c68 (size before relaxing)
 .debug_str     0x00000000000865d0      0x31f ./Drivers/STM32F1xx_HAL_Driver/Src/stm32f1xx_hal_gpio.o
                                      0x84c51 (size before relaxing)
 .debug_str     0x00000000000868ef      0x24f ./Drivers/STM32F1xx_HAL_Driver/Src/stm32f1xx_hal_rcc.o
                                      0x84c8a (size before relaxing)
 .debug_str     0x0000000000086b3e      0x532 ./Drivers/STM32F1xx_HAL_Driver/Src/stm32f1xx_hal_spi.o
                                      0x85199 (size before relaxing)
 .debug_str     0x0000000000087070      0xd74 ./Drivers/STM32F1xx_HAL_Driver/Src/stm32f1xx_hal_tim.o
                                      0x85c5c (size before relaxing)
 .debug_str     0x0000000000087de4      0x4ee ./Drivers/STM32F1xx_HAL_Driver/Src/stm32f1xx_hal_tim_ex.o
                                      0x8540d (size before relaxing)
 .debug_str     0x00000000000882d2      0x5de ./Drivers/STM32F1xx_HAL_Driver/Src/stm32f1xx_hal_uart.o
                                      0x8527c (size before relaxing)

.comment        0x0000000000000000       0x53
 .comment       0x0000000000000000       0x53 ./Core/Src/ILI9341_GFX.o
                                         0x54 (size before relaxing)
 .comment       0x0000000000000053       0x54 ./Core/Src/ILI9341_STM32_Driver.o
 .comment       0x0000000000000053       0x54 ./Core/Src/PixelArt.o
 .comment       0x0000000000000053       0x54 ./Core/Src/Pixils.o
 .comment       0x0000000000000053       0x54 ./Core/Src/init.o
 .comment       0x0000000000000053       0x54 ./Core/Src/main.o
 .comment       0x0000000000000053       0x54 ./Core/Src/stm32f1xx_hal_msp.o
 .comment       0x0000000000000053       0x54 ./Core/Src/stm32f1xx_it.o
 .comment       0x0000000000000053       0x54 ./Core/Src/system_stm32f1xx.o
 .comment       0x0000000000000053       0x54 ./Drivers/STM32F1xx_HAL_Driver/Src/stm32f1xx_hal.o
 .comment       0x0000000000000053       0x54 ./Drivers/STM32F1xx_HAL_Driver/Src/stm32f1xx_hal_cortex.o
 .comment       0x0000000000000053       0x54 ./Drivers/STM32F1xx_HAL_Driver/Src/stm32f1xx_hal_dma.o
 .comment       0x0000000000000053       0x54 ./Drivers/STM32F1xx_HAL_Driver/Src/stm32f1xx_hal_gpio.o
 .comment       0x0000000000000053       0x54 ./Drivers/STM32F1xx_HAL_Driver/Src/stm32f1xx_hal_rcc.o
 .comment       0x0000000000000053       0x54 ./Drivers/STM32F1xx_HAL_Driver/Src/stm32f1xx_hal_spi.o
 .comment       0x0000000000000053       0x54 ./Drivers/STM32F1xx_HAL_Driver/Src/stm32f1xx_hal_tim.o
 .comment       0x0000000000000053       0x54 ./Drivers/STM32F1xx_HAL_Driver/Src/stm32f1xx_hal_tim_ex.o
 .comment       0x0000000000000053       0x54 ./Drivers/STM32F1xx_HAL_Driver/Src/stm32f1xx_hal_uart.o

.debug_frame    0x0000000000000000     0x4070
 .debug_frame   0x0000000000000000      0x124 ./Core/Src/ILI9341_GFX.o
 .debug_frame   0x0000000000000124      0x294 ./Core/Src/ILI9341_STM32_Driver.o
 .debug_frame   0x00000000000003b8       0xd8 ./Core/Src/PixelArt.o
 .debug_frame   0x0000000000000490       0xf4 ./Core/Src/init.o
 .debug_frame   0x0000000000000584       0x44 ./Core/Src/main.o
 .debug_frame   0x00000000000005c8      0x134 ./Core/Src/stm32f1xx_hal_msp.o
 .debug_frame   0x00000000000006fc      0x158 ./Core/Src/stm32f1xx_it.o
 .debug_frame   0x0000000000000854       0x58 ./Core/Src/system_stm32f1xx.o
 .debug_frame   0x00000000000008ac      0x334 ./Drivers/STM32F1xx_HAL_Driver/Src/stm32f1xx_hal.o
 .debug_frame   0x0000000000000be0      0x428 ./Drivers/STM32F1xx_HAL_Driver/Src/stm32f1xx_hal_cortex.o
 .debug_frame   0x0000000000001008      0x208 ./Drivers/STM32F1xx_HAL_Driver/Src/stm32f1xx_hal_dma.o
 .debug_frame   0x0000000000001210      0x14c ./Drivers/STM32F1xx_HAL_Driver/Src/stm32f1xx_hal_gpio.o
 .debug_frame   0x000000000000135c      0x21c ./Drivers/STM32F1xx_HAL_Driver/Src/stm32f1xx_hal_rcc.o
 .debug_frame   0x0000000000001578      0x824 ./Drivers/STM32F1xx_HAL_Driver/Src/stm32f1xx_hal_spi.o
 .debug_frame   0x0000000000001d9c     0x11b8 ./Drivers/STM32F1xx_HAL_Driver/Src/stm32f1xx_hal_tim.o
 .debug_frame   0x0000000000002f54      0x638 ./Drivers/STM32F1xx_HAL_Driver/Src/stm32f1xx_hal_tim_ex.o
 .debug_frame   0x000000000000358c      0x914 ./Drivers/STM32F1xx_HAL_Driver/Src/stm32f1xx_hal_uart.o
 .debug_frame   0x0000000000003ea0       0x2c c:/st/stm32cubeide_1.7.0/stm32cubeide/plugins/com.st.stm32cube.ide.mcu.externaltools.gnu-tools-for-stm32.9-2020-q2-update.win32_2.0.0.202105311346/tools/bin/../lib/gcc/arm-none-eabi/9.3.1/../../../../arm-none-eabi/lib/thumb/v7-m/nofp\libc_nano.a(lib_a-init.o)
 .debug_frame   0x0000000000003ecc       0x28 c:/st/stm32cubeide_1.7.0/stm32cubeide/plugins/com.st.stm32cube.ide.mcu.externaltools.gnu-tools-for-stm32.9-2020-q2-update.win32_2.0.0.202105311346/tools/bin/../lib/gcc/arm-none-eabi/9.3.1/../../../../arm-none-eabi/lib/thumb/v7-m/nofp\libc_nano.a(lib_a-memcpy-stub.o)
 .debug_frame   0x0000000000003ef4       0x20 c:/st/stm32cubeide_1.7.0/stm32cubeide/plugins/com.st.stm32cube.ide.mcu.externaltools.gnu-tools-for-stm32.9-2020-q2-update.win32_2.0.0.202105311346/tools/bin/../lib/gcc/arm-none-eabi/9.3.1/../../../../arm-none-eabi/lib/thumb/v7-m/nofp\libc_nano.a(lib_a-memset.o)
 .debug_frame   0x0000000000003f14       0x24 c:/st/stm32cubeide_1.7.0/stm32cubeide/plugins/com.st.stm32cube.ide.mcu.externaltools.gnu-tools-for-stm32.9-2020-q2-update.win32_2.0.0.202105311346/tools/bin/../lib/gcc/arm-none-eabi/9.3.1/thumb/v7-m/nofp\libgcc.a(_arm_mulsf3.o)
 .debug_frame   0x0000000000003f38       0x4c c:/st/stm32cubeide_1.7.0/stm32cubeide/plugins/com.st.stm32cube.ide.mcu.externaltools.gnu-tools-for-stm32.9-2020-q2-update.win32_2.0.0.202105311346/tools/bin/../lib/gcc/arm-none-eabi/9.3.1/thumb/v7-m/nofp\libgcc.a(_arm_addsubsf3.o)
 .debug_frame   0x0000000000003f84       0xc8 c:/st/stm32cubeide_1.7.0/stm32cubeide/plugins/com.st.stm32cube.ide.mcu.externaltools.gnu-tools-for-stm32.9-2020-q2-update.win32_2.0.0.202105311346/tools/bin/../lib/gcc/arm-none-eabi/9.3.1/thumb/v7-m/nofp\libgcc.a(_arm_cmpsf2.o)
 .debug_frame   0x000000000000404c       0x24 c:/st/stm32cubeide_1.7.0/stm32cubeide/plugins/com.st.stm32cube.ide.mcu.externaltools.gnu-tools-for-stm32.9-2020-q2-update.win32_2.0.0.202105311346/tools/bin/../lib/gcc/arm-none-eabi/9.3.1/thumb/v7-m/nofp\libgcc.a(_arm_fixunssfsi.o)
